[WebServer] 
[WebServer] > start
[WebServer] > next start --hostname 127.0.0.1 --port 3000
[WebServer] 
[WebServer] ▲ Next.js 16.2.10
[WebServer] - Local:         http://127.0.0.1:3000
[WebServer] - Network:       http://127.0.0.1:3000
[WebServer] ✓ Ready in 105ms
[WebServer] ⚠ Warning: Next.js inferred your workspace root, but it may not be correct.
[WebServer]  We detected multiple lockfiles and selected the directory of /home/user/code/graph-site_root/nextjs-3d-force-graph-impl/package-lock.json as the root directory.
[WebServer]  To silence this warning, set `outputFileTracingRoot` in your Next.js config, or consider removing one of the lockfiles if it's not needed.
[WebServer]    See https://nextjs.org/docs/app/api-reference/config/next-config-js/output#caveats for more information.
[WebServer]  Detected additional lockfiles: 
[WebServer]    * /home/user/code/graph-site_root/nextjs-3d-force-graph-impl/.builders/spir-55/package-lock.json
[WebServer] 

Running 60 tests using 1 worker

  ✓   1 [firefox] › tests/e2e/matrix.spec.ts:225:5 › zooms in with the wheel and rotates with a background drag (15.3s)
  ✓   2 [firefox] › tests/e2e/matrix.spec.ts:225:5 › zooms in with the wheel and rotates with a background drag (15.5s)
  ✓   3 [firefox] › tests/e2e/matrix.spec.ts:225:5 › zooms in with the wheel and rotates with a background drag (15.4s)
  ✓   4 [firefox] › tests/e2e/matrix.spec.ts:225:5 › zooms in with the wheel and rotates with a background drag (15.3s)
  ✓   5 [firefox] › tests/e2e/matrix.spec.ts:225:5 › zooms in with the wheel and rotates with a background drag (15.1s)
  ✓   6 [firefox] › tests/e2e/matrix.spec.ts:225:5 › zooms in with the wheel and rotates with a background drag (15.2s)
  ✓   7 [firefox] › tests/e2e/matrix.spec.ts:225:5 › zooms in with the wheel and rotates with a background drag (15.3s)
  ✓   8 [firefox] › tests/e2e/matrix.spec.ts:225:5 › zooms in with the wheel and rotates with a background drag (15.1s)
  ✓   9 [firefox] › tests/e2e/matrix.spec.ts:225:5 › zooms in with the wheel and rotates with a background drag (15.4s)
  ✓  10 [firefox] › tests/e2e/matrix.spec.ts:225:5 › zooms in with the wheel and rotates with a background drag (15.3s)
  ✓  11 [firefox] › tests/e2e/matrix.spec.ts:225:5 › zooms in with the wheel and rotates with a background drag (15.6s)
  ✓  12 [firefox] › tests/e2e/matrix.spec.ts:225:5 › zooms in with the wheel and rotates with a background drag (15.2s)
  ✓  13 [firefox] › tests/e2e/matrix.spec.ts:225:5 › zooms in with the wheel and rotates with a background drag (15.5s)
  ✓  14 [firefox] › tests/e2e/matrix.spec.ts:225:5 › zooms in with the wheel and rotates with a background drag (15.1s)
  ✓  15 [firefox] › tests/e2e/matrix.spec.ts:225:5 › zooms in with the wheel and rotates with a background drag (15.2s)
  ✓  16 [firefox] › tests/e2e/matrix.spec.ts:225:5 › zooms in with the wheel and rotates with a background drag (15.8s)
  ✓  17 [firefox] › tests/e2e/matrix.spec.ts:225:5 › zooms in with the wheel and rotates with a background drag (15.2s)
  ✓  18 [firefox] › tests/e2e/matrix.spec.ts:225:5 › zooms in with the wheel and rotates with a background drag (15.1s)
  ✓  19 [firefox] › tests/e2e/matrix.spec.ts:225:5 › zooms in with the wheel and rotates with a background drag (15.5s)
  ✓  20 [firefox] › tests/e2e/matrix.spec.ts:225:5 › zooms in with the wheel and rotates with a background drag (15.7s)
  ✓  21 [firefox] › tests/e2e/matrix.spec.ts:225:5 › zooms in with the wheel and rotates with a background drag (15.1s)
  ✓  22 [firefox] › tests/e2e/matrix.spec.ts:225:5 › zooms in with the wheel and rotates with a background drag (15.2s)
  ✓  23 [firefox] › tests/e2e/matrix.spec.ts:225:5 › zooms in with the wheel and rotates with a background drag (15.1s)
  ✓  24 [firefox] › tests/e2e/matrix.spec.ts:225:5 › zooms in with the wheel and rotates with a background drag (15.2s)
  ✓  25 [firefox] › tests/e2e/matrix.spec.ts:225:5 › zooms in with the wheel and rotates with a background drag (15.3s)
  ✓  26 [firefox] › tests/e2e/matrix.spec.ts:225:5 › zooms in with the wheel and rotates with a background drag (15.6s)
  ✓  27 [firefox] › tests/e2e/matrix.spec.ts:225:5 › zooms in with the wheel and rotates with a background drag (15.0s)
  ✓  28 [firefox] › tests/e2e/matrix.spec.ts:225:5 › zooms in with the wheel and rotates with a background drag (15.2s)
  ✓  29 [firefox] › tests/e2e/matrix.spec.ts:225:5 › zooms in with the wheel and rotates with a background drag (15.6s)
  ✓  30 [firefox] › tests/e2e/matrix.spec.ts:225:5 › zooms in with the wheel and rotates with a background drag (15.2s)
  ✓  31 [firefox] › tests/e2e/matrix.spec.ts:225:5 › zooms in with the wheel and rotates with a background drag (15.2s)
  ✓  32 [firefox] › tests/e2e/matrix.spec.ts:225:5 › zooms in with the wheel and rotates with a background drag (15.5s)
  ✓  33 [firefox] › tests/e2e/matrix.spec.ts:225:5 › zooms in with the wheel and rotates with a background drag (15.0s)
  ✓  34 [firefox] › tests/e2e/matrix.spec.ts:225:5 › zooms in with the wheel and rotates with a background drag (15.3s)
  ✓  35 [firefox] › tests/e2e/matrix.spec.ts:225:5 › zooms in with the wheel and rotates with a background drag (15.0s)
  ✓  36 [firefox] › tests/e2e/matrix.spec.ts:225:5 › zooms in with the wheel and rotates with a background drag (15.3s)
  ✓  37 [firefox] › tests/e2e/matrix.spec.ts:225:5 › zooms in with the wheel and rotates with a background drag (15.3s)
  ✓  38 [firefox] › tests/e2e/matrix.spec.ts:225:5 › zooms in with the wheel and rotates with a background drag (15.2s)
  ✓  39 [firefox] › tests/e2e/matrix.spec.ts:225:5 › zooms in with the wheel and rotates with a background drag (15.1s)
  ✓  40 [firefox] › tests/e2e/matrix.spec.ts:225:5 › zooms in with the wheel and rotates with a background drag (15.3s)
  ✓  41 [firefox] › tests/e2e/matrix.spec.ts:225:5 › zooms in with the wheel and rotates with a background drag (15.6s)
  ✓  42 [firefox] › tests/e2e/matrix.spec.ts:225:5 › zooms in with the wheel and rotates with a background drag (15.2s)
  ✓  43 [firefox] › tests/e2e/matrix.spec.ts:225:5 › zooms in with the wheel and rotates with a background drag (15.2s)
  ✓  44 [firefox] › tests/e2e/matrix.spec.ts:225:5 › zooms in with the wheel and rotates with a background drag (15.5s)
  ✓  45 [firefox] › tests/e2e/matrix.spec.ts:225:5 › zooms in with the wheel and rotates with a background drag (15.2s)
  ✓  46 [firefox] › tests/e2e/matrix.spec.ts:225:5 › zooms in with the wheel and rotates with a background drag (15.2s)
  ✓  47 [firefox] › tests/e2e/matrix.spec.ts:225:5 › zooms in with the wheel and rotates with a background drag (15.3s)
  ✓  48 [firefox] › tests/e2e/matrix.spec.ts:225:5 › zooms in with the wheel and rotates with a background drag (15.2s)
  ✓  49 [firefox] › tests/e2e/matrix.spec.ts:225:5 › zooms in with the wheel and rotates with a background drag (15.2s)
  ✓  50 [firefox] › tests/e2e/matrix.spec.ts:225:5 › zooms in with the wheel and rotates with a background drag (15.2s)
  ✓  51 [firefox] › tests/e2e/matrix.spec.ts:225:5 › zooms in with the wheel and rotates with a background drag (15.2s)
  ✓  52 [firefox] › tests/e2e/matrix.spec.ts:225:5 › zooms in with the wheel and rotates with a background drag (15.5s)
  ✓  53 [firefox] › tests/e2e/matrix.spec.ts:225:5 › zooms in with the wheel and rotates with a background drag (16.1s)
  ✓  54 [firefox] › tests/e2e/matrix.spec.ts:225:5 › zooms in with the wheel and rotates with a background drag (15.1s)
  ✓  55 [firefox] › tests/e2e/matrix.spec.ts:225:5 › zooms in with the wheel and rotates with a background drag (15.0s)
  ✓  56 [firefox] › tests/e2e/matrix.spec.ts:225:5 › zooms in with the wheel and rotates with a background drag (15.2s)
  ✓  57 [firefox] › tests/e2e/matrix.spec.ts:225:5 › zooms in with the wheel and rotates with a background drag (15.7s)
  ✓  58 [firefox] › tests/e2e/matrix.spec.ts:225:5 › zooms in with the wheel and rotates with a background drag (15.4s)
  ✓  59 [firefox] › tests/e2e/matrix.spec.ts:225:5 › zooms in with the wheel and rotates with a background drag (15.1s)
  ✓  60 [firefox] › tests/e2e/matrix.spec.ts:225:5 › zooms in with the wheel and rotates with a background drag (15.2s)

  60 passed (16.4m)
