
> test:e2e:gpu
> node scripts/e2e-gpu-lane.mjs

[gpu-lane] host: platform=linux dxg=true wslLib=true wslgSocket=true DISPLAY=:0
[gpu-lane] [chromium] candidate native-linux-angle-vulkan SKIPPED: host is WSL2 (/dev/dxg present) — ANGLE-Vulkan/native-GL is a known llvmpipe dead end under WSL2; the d3d12 recipe covers this host
[gpu-lane] [chromium] candidate native-linux-angle-gl SKIPPED: host is WSL2 (/dev/dxg present) — ANGLE-Vulkan/native-GL is a known llvmpipe dead end under WSL2; the d3d12 recipe covers this host
[gpu-lane] probing candidate wsl2-d3d12-angle-gl (WSL2 Mesa d3d12 via ANGLE native-GL (proven: bugfix-22 / PR #43; headless validated by the spec-44 FR5 matrix + full-suite run))
[gpu-lane] candidate wsl2-d3d12-angle-gl VERIFIED hardware renderer: "ANGLE (Microsoft Corporation, D3D12 (NVIDIA GeForce RTX 3080), OpenGL 4.6)"
[gpu-lane] probing candidate wsl2-d3d12-firefox (WSL2 Mesa d3d12 via Firefox (no ANGLE flags; probe-only webgl.sanitize-unmasked-renderer=false to read the raw renderer))
[gpu-lane] candidate wsl2-d3d12-firefox VERIFIED hardware renderer: "D3D12 (NVIDIA GeForce RTX 3080)"
[gpu-lane] running build: npm run build

> build
> next build

⚠ Warning: Next.js inferred your workspace root, but it may not be correct.
 We detected multiple lockfiles and selected the directory of /home/user/code/graph-site_root/nextjs-3d-force-graph-impl/package-lock.json as the root directory.
 To silence this warning, set `turbopack.root` in your Next.js config, or consider removing one of the lockfiles if it's not needed.
   See https://nextjs.org/docs/app/api-reference/config/next-config-js/turbopack#root-directory for more information.
 Detected additional lockfiles: 
   * /home/user/code/graph-site_root/nextjs-3d-force-graph-impl/.builders/spir-55/package-lock.json

▲ Next.js 16.2.10 (Turbopack)

  Creating an optimized production build ...
✓ Compiled successfully in 2.5s
  Running TypeScript ...
  Finished TypeScript in 5.8s ...
  Collecting page data using 5 workers ...
  Generating static pages using 5 workers (0/4) ...
  Generating static pages using 5 workers (1/4) 
  Generating static pages using 5 workers (2/4) 
  Generating static pages using 5 workers (3/4) 
✓ Generating static pages using 5 workers (4/4) in 309ms
  Finalizing page optimization ...

Route (app)
┌ ○ /
└ ○ /_not-found


○  (Static)  prerendered as static content

[gpu-lane] running suite: npx playwright test
[WebServer] 
[WebServer] > start
[WebServer] > next start --hostname 127.0.0.1 --port 3000
[WebServer] 
[WebServer] ▲ Next.js 16.2.10
[WebServer] - Local:         http://127.0.0.1:3000
[WebServer] - Network:       http://127.0.0.1:3000
[WebServer] ✓ Ready in 99ms
[WebServer] ⚠ Warning: Next.js inferred your workspace root, but it may not be correct.
[WebServer]  We detected multiple lockfiles and selected the directory of /home/user/code/graph-site_root/nextjs-3d-force-graph-impl/package-lock.json as the root directory.
[WebServer]  To silence this warning, set `outputFileTracingRoot` in your Next.js config, or consider removing one of the lockfiles if it's not needed.
[WebServer]    See https://nextjs.org/docs/app/api-reference/config/next-config-js/output#caveats for more information.
[WebServer]  Detected additional lockfiles: 
[WebServer]    * /home/user/code/graph-site_root/nextjs-3d-force-graph-impl/.builders/spir-55/package-lock.json
[WebServer] 

Running 22 tests using 1 worker

  ✓   1 [chromium] › tests/e2e/matrix.spec.ts:76:5 › settles an initial force layout with positioned nodes (2.2s)
  ✓   2 [chromium] › tests/e2e/matrix.spec.ts:105:5 › rotates the camera automatically until paused, then resumes (7.7s)
  ✓   3 [chromium] › tests/e2e/matrix.spec.ts:135:5 › keeps pointer navigation inert until the enable delay elapses (6.9s)
  ✓   4 [chromium] › tests/e2e/matrix.spec.ts:195:5 › zooms out with the wheel (8.8s)
  ✓   5 [chromium] › tests/e2e/matrix.spec.ts:225:5 › zooms in with the wheel and rotates with a background drag (15.5s)
  ✓   6 [chromium] › tests/e2e/matrix.spec.ts:314:5 › click-to-focus fixes the node, animates the camera, and reset restores the view (17.6s)
  ✓   7 [chromium] › tests/e2e/matrix.spec.ts:478:5 › toggles AxesHelper visibility through the axes control (4.7s)
  ✓   8 [chromium] › tests/e2e/matrix.spec.ts:511:5 › keeps the canvas consistent and interactive across a resize (4.0s)
  ✓   9 [chromium] › tests/e2e/matrix.spec.ts:572:5 › remounts a fresh working canvas on re-navigation (2.8s)
  ✓  10 [chromium] › tests/e2e/right-click-release.spec.ts:174:5 › right-clicking a fixed node releases its fx/fy/fz (17.9s)
  ✓  11 [chromium] › tests/e2e/smoke.spec.ts:78:5 › renders the graph and exercises its core controls (7.0s)
  ✓  12 [firefox] › tests/e2e/matrix.spec.ts:76:5 › settles an initial force layout with positioned nodes (2.9s)
  ✓  13 [firefox] › tests/e2e/matrix.spec.ts:105:5 › rotates the camera automatically until paused, then resumes (8.1s)
  ✓  14 [firefox] › tests/e2e/matrix.spec.ts:135:5 › keeps pointer navigation inert until the enable delay elapses (7.5s)
  ✓  15 [firefox] › tests/e2e/matrix.spec.ts:195:5 › zooms out with the wheel (8.9s)
  ✓  16 [firefox] › tests/e2e/matrix.spec.ts:225:5 › zooms in with the wheel and rotates with a background drag (14.4s)
  ✓  17 [firefox] › tests/e2e/matrix.spec.ts:314:5 › click-to-focus fixes the node, animates the camera, and reset restores the view (18.0s)
  ✓  18 [firefox] › tests/e2e/matrix.spec.ts:478:5 › toggles AxesHelper visibility through the axes control (4.6s)
  ✓  19 [firefox] › tests/e2e/matrix.spec.ts:511:5 › keeps the canvas consistent and interactive across a resize (4.3s)
  ✓  20 [firefox] › tests/e2e/matrix.spec.ts:572:5 › remounts a fresh working canvas on re-navigation (3.0s)
  ✓  21 [firefox] › tests/e2e/right-click-release.spec.ts:174:5 › right-clicking a fixed node releases its fx/fy/fz (20.2s)
  ✓  22 [firefox] › tests/e2e/smoke.spec.ts:78:5 › renders the graph and exercises its core controls (8.8s)

  22 passed (3.3m)
=== E2E GPU LANE REPORT ===
mode: hardware
engines: chromium,firefox
renderer.chromium: ANGLE (Microsoft Corporation, D3D12 (NVIDIA GeForce RTX 3080), OpenGL 4.6)
renderer.firefox: D3D12 (NVIDIA GeForce RTX 3080)
suite: pass
wall-clock: 210s (build 10s, suite 199s)
